Unity Editor version:    6000.5.2f1 (eb73d3b415a1)
Branch:                  6000.5/staging
Build type:              Release
Batch mode:              YES
macOS version:           Version 26.6.2 (Build 25G83)
Darwin version:          25.6.0
Architecture:            arm64
Running under Rosetta:   NO
Available memory:        65536 MB
Date:                    2026-08-27T08:30:31Z
[Licensing::Module] Trying to connect to existing licensing client channel...
[Licensing::IpcConnector] Successfully connected to: "LicenseClient-andrew" at "2026-08-27T08:30:31.954801Z"

COMMAND LINE ARGUMENTS:
/Applications/Unity/Hub/Editor/6000.5.2f1/Unity.app/Contents/MacOS/Unity
-adb2
-batchMode
-noUpm
-name
AssetImportWorkerHW2
-projectPath
/Users/andrew/ProyectosPersonales/Umbra/My project
-logFile
Logs/AssetImportWorkerHW2.log
-srvPort
53520
-parentPid
50702
-analyticsCloudUserId
4674182019760
-analyticsLocalProjectId
ebef308b1ca9040b5ab5911f4506d894
-noDiagnosticSwitchPersistentStore
-job-worker-count
8
-background-job-worker-count
8
-asset-garbage-collectors
1
-force-metal
-name AssetImport
Successfully changed project path to: /Users/andrew/ProyectosPersonales/Umbra/My project
/Users/andrew/ProyectosPersonales/Umbra/My project
[UnityMemory] Configuration Parameters - Can be set up in boot.config
    "memorysetup-temp-allocator-size-gi-baking-worker=262144"
    "memorysetup-temp-allocator-size-gi-baking-worker=262144"
    "memorysetup-temp-allocator-size-gi-baking-worker=262144"
    "memorysetup-temp-allocator-size-gi-baking-worker=262144"
    "memorysetup-temp-allocator-size-gi-baking-worker=262144"
    "memorysetup-temp-allocator-size-nav-mesh-worker=65536"
    "memorysetup-temp-allocator-size-audio-worker=65536"
    "memorysetup-temp-allocator-size-cloud-worker=32768"
    "memorysetup-allocator-temp-initial-block-size-main=262144"
    "memorysetup-allocator-temp-initial-block-size-worker=262144"
    "memorysetup-temp-allocator-size-preload-manager=33554432"
    "memorysetup-temp-allocator-size-gfx=262144"
    "memorysetup-temp-allocator-size-background-worker=32768"
    "memorysetup-temp-allocator-size-job-worker=262144"
    "memorysetup-bucket-allocator-granularity=16"
    "memorysetup-bucket-allocator-bucket-count=8"
    "memorysetup-bucket-allocator-block-size=33554432"
    "memorysetup-bucket-allocator-block-count=8"
    "memorysetup-main-allocator-block-size=16777216"
    "memorysetup-thread-allocator-block-size=16777216"
    "memorysetup-main-allocator-mimalloc-enabled=0"
    "memorysetup-gfx-main-allocator-block-size=16777216"
    "memorysetup-gfx-thread-allocator-block-size=16777216"
    "memorysetup-cache-allocator-block-size=4194304"
    "memorysetup-typetree-allocator-block-size=2097152"
    "memorysetup-profiler-bucket-allocator-granularity=16"
    "memorysetup-profiler-bucket-allocator-bucket-count=8"
    "memorysetup-profiler-bucket-allocator-block-size=33554432"
    "memorysetup-profiler-bucket-allocator-block-count=8"
    "memorysetup-profiler-allocator-block-size=16777216"
    "memorysetup-profiler-editor-allocator-block-size=1048576"
    "memorysetup-temp-allocator-size-main=16777216"
    "memorysetup-job-temp-allocator-block-size=2097152"
    "memorysetup-job-temp-allocator-block-size-background=1048576"
    "memorysetup-job-temp-allocator-reduction-small-platforms=262144"
Player connection [8492917120]  Target information:

Player connection [8492917120]  * "[IP] 192.168.18.27 [Port] 0 [Flags] 2 [Guid] 825415067 [EditorId] 825415067 [Version] 1048832 [Id] OSXEditor(0,Andrews-MacBook-Pro.local) [Debug] 1 [PackageName] OSXEditor [ProjectName] Editor" 

Player connection [8492917120] Host joined multi-casting on [225.0.0.222:54997]...
Player connection [8492917120] Host joined alternative multi-casting on [225.0.0.222:34997]...
JobSystem: Creating JobQueue using job-worker-count value 8
Input System module state changed to: Initialized.
[Physics::Module] Initialized fallback backend.
[Physics::Module] Id: 0xdecafbad
Library Redirect Path: Library/
[Physics::Module] Selected backend.
[Physics::Module] Name: PhysX
[Physics::Module] Id: 0xf2b8ea05
[Physics::Module] SDK Version: 4.1.2
[Physics::Module] Integration Version: 1.0.0
[Physics::Module] Threading Mode: Multi-Threaded
Initialize engine version: 6000.5.2f1 (eb73d3b415a1)
[Subsystems] Discovering subsystems at path /Applications/Unity/Hub/Editor/6000.5.2f1/Unity.app/Contents/Resources/UnitySubsystems
[Subsystems] Discovering subsystems at path /Users/andrew/ProyectosPersonales/Umbra/My project/Assets
Forcing GfxDevice: Metal
GfxDevice: creating device client; kGfxThreadingModeNonThreaded
 preferred device: Apple M5 Pro (high power)
Metal devices available: 1
0: Apple M5 Pro (high power)
Using device Apple M5 Pro (high power)
Initializing Metal device caps: Apple M5 Pro
Mac GPU Family: 2
Apple GPU Family: 9
MSL Version: 3.0
Has Float MSAA: 1
Has Float Filtering: 1
ReadWrite Texture Tier: 2
Initialize mono
Mono path[0] = '/Applications/Unity/Hub/Editor/6000.5.2f1/Unity.app/Contents/Resources/Scripting/Managed'
Mono path[1] = '/Applications/Unity/Hub/Editor/6000.5.2f1/Unity.app/Contents/Resources/Scripting/BCLExtensions/runtime/netstandard2.1'
Mono path[2] = '/Applications/Unity/Hub/Editor/6000.5.2f1/Unity.app/Contents/Resources/Scripting/MonoBleedingEdge/lib/mono/unityjit-macos'
Mono config path = '/Applications/Unity/Hub/Editor/6000.5.2f1/Unity.app/Contents/Resources/Scripting/MonoBleedingEdge/etc'
Using monoOptions --debugger-agent=transport=dt_socket,embedding=1,server=y,suspend=n,address=127.0.0.1:56954
CodeReloadManager initialized
Begin MonoManager ReloadAssembly
Registering precompiled unity dll's ...
Register platform support module: /Applications/Unity/Hub/Editor/6000.5.2f1/PlaybackEngines/WebGLSupport/UnityEditor.WebGL.Extensions.dll
Register platform support module: /Applications/Unity/Hub/Editor/6000.5.2f1/PlaybackEngines/MacStandaloneSupport/UnityEditor.OSXStandalone.Extensions.dll
Registered in 0.000984 seconds.
[Licensing::Client] Error: HandshakeResponse reported an error:
	ResponseCode: 505
	ResponseStatus: Unsupported protocol version '1.18.1'.
[Licensing::Module] Error: Failed to handshake to channel: "LicenseClient-andrew"
[Licensing::IpcConnector] LicenseClient-andrew channel disconnected successfully.
[Licensing::IpcConnector] Successfully connected to: "LicenseClient-andrew-6000.5.2" at "2026-08-27T08:30:32.459166Z"
Native extension for OSXStandalone target not found
Native extension for WebGL target not found
Package Manager log level set to [2]
[Package Manager] Failed to launch server process. Reason: Unity was launched with the -noUpm command-line argument
[Package Manager] Unable to send message (not connected to server process).
[Package Manager] Cannot connect to Unity Package Manager local server
ScheduleIndexationOnStartup MainProcess:False IndexOnStartup:True
Mono: successfully reloaded assembly
- Finished resetting the current domain, in  0.185 seconds
Domain Reload Profiling: 446ms
	BeginReloadAssembly (66ms)
	RebuildCommonClasses (3ms)
	RebuildNativeTypeToScriptingClass (9ms)
	initialDomainReloadingComplete (30ms)
	LoadAllAssembliesAndSetupDomain (153ms)
		LoadAssemblies (66ms)
		AnalyzeDomain (120ms)
			TypeCache.Refresh (119ms)
				TypeCache.ScanAssembly (110ms)
	FinalizeReload (186ms)
		SetupLoadedEditorAssemblies (0ms)
			BeforeProcessingInitializeOnLoad (42ms)
			ProcessInitializeOnLoadAttributes (45ms)
			ProcessInitializeOnLoadMethodAttributes (60ms)
[Licensing::Client] Handshaking with LicensingClient:
  Version:                 1.18.1+9fbee8e
  Session Id:              02ade57a8ea045f3bf44ffc58eeb3301
  Correlation Id:          3436f16ebf3de4e9001345c05bd946db
  External correlation Id: 8928707440257009991
  Machine Id:              66r/rhb9bTTSFebFiCDkGiNyYkw=
[Licensing::Module] Successfully connected to LicensingClient on channel: "LicenseClient-andrew-6000.5.2" (connect: 0.00s, validation: 0.00s, handshake: 0.37s)
[Licensing::IpcConnector] Successfully connected to: "LicenseClient-andrew-6000.5.2-notifications" at "2026-08-27T08:30:32.825573Z"
[Licensing::Module] Licensing Background thread has ended after 0.87s
Initializing Unity extensions:
[Licensing::Client] Successfully resolved entitlement details
[Licensing::Module] License group:
  Id: 4674181853197-u20227680mnb4xu41-UnityProStuXXXX
  Product: Unity Student
  Type: Assigned
  Expiration: 2027-04-01T02:31:37Z
[CoreBusinessMetrics] Unexpected thread when updating session info.
========================================================================
Worker process is ready to serve import requests
Import Worker Mode flag is 0x00
Begin MonoManager ReloadAssembly
Native extension for OSXStandalone target not found
Native extension for WebGL target not found
[Package Manager] Failed to launch server process. Reason: Unity was launched with the -noUpm command-line argument
[Package Manager] Unable to send message (not connected to server process).
[Package Manager] Cannot connect to Unity Package Manager local server
ScheduleIndexationOnStartup MainProcess:False IndexOnStartup:True
Mono: successfully reloaded assembly
- Finished resetting the current domain, in  0.174 seconds
Domain Reload Profiling: 315ms
	BeginReloadAssembly (60ms)
		CreateAndSetChildDomain (10ms)
	RebuildCommonClasses (4ms)
	RebuildNativeTypeToScriptingClass (8ms)
	initialDomainReloadingComplete (12ms)
	LoadAllAssembliesAndSetupDomain (58ms)
		LoadAssemblies (31ms)
		AnalyzeDomain (16ms)
			TypeCache.Refresh (11ms)
				TypeCache.ScanAssembly (8ms)
			BuildScriptInfoCaches (4ms)
	FinalizeReload (174ms)
		SetupLoadedEditorAssemblies (0ms)
			BeforeProcessingInitializeOnLoad (38ms)
			ProcessInitializeOnLoadAttributes (45ms)
			ProcessInitializeOnLoadMethodAttributes (30ms)
AcceleratorClientConnectionCallback - disconnected - :0
Launching external process: /Applications/Unity/Hub/Editor/6000.5.2f1/Unity.app/Contents/Helpers/UnityShaderCompiler
Launched and connected shader compiler UnityShaderCompiler after 0.03 seconds
Unloading 0 Unused Serialized files (Serialized files now loaded: 0)
Curl error 3: URL rejected: Error
Unloading 854 unused Assets / (293.2 KB). Loaded Objects now: 1463.
Memory consumption went from 78.3 MB to 78.1 MB.
Total: 3.081625 ms (FindLiveObjects: 0.043791 ms CreateObjectMapping: 0.061792 ms MarkObjects: 2.815250 ms  DeleteObjects: 0.160375 ms)

========================================================================
Received Prepare
AcceleratorClientConnectionCallback - disconnected - :0
Unloading 0 Unused Serialized files (Serialized files now loaded: 0)
Unloading 0 unused Assets / (0 B). Loaded Objects now: 1463.
Memory consumption went from 77.5 MB to 77.5 MB.
Total: 3.064875 ms (FindLiveObjects: 0.030917 ms CreateObjectMapping: 0.031041 ms MarkObjects: 2.999959 ms  DeleteObjects: 0.002667 ms)

Prepare: number of updated asset objects reloaded= 0
========================================================================
Received Import Request.
  Time of request: 2026-08-27T08:31:09.727307Z
  Time since last request: 355249.68592608300969 seconds.
  importAddress: GUID: 15dd6f89c6b864607bcff312093e462d - Path: Assets/Sprites/2.jpeg - Importer: PreviewImporter
Importing 'GUID: 15dd6f89c6b864607bcff312093e462d - Path: Assets/Sprites/2.jpeg - Importer: PreviewImporter' with importer (PreviewImporter)
Imported 'GUID: 15dd6f89c6b864607bcff312093e462d' -> (Import Result ID: '6cde8e6d6f344144fb6c0f28699596e3') in 0.072 seconds [static and dynamic dependencies]. Details - ImportResultOutputID=31506a0545ed2a7210e85b8e377bbb30 DependenciesID=598e701926655e64376121b475fb3171 StaticDependenciesID=8daec84382abde8339f2500a6a8f31cd 
Number of updated asset objects reloaded before import = 0
Number of asset objects unloaded after import = 2
========================================================================
Received Import Request.
  Time of request: 2026-08-27T08:31:10.888651Z
  Time since last request: 1.088420292 seconds.
  importAddress: GUID: 15dd6f89c6b864607bcff312093e462d - Path: Assets/Sprites/2.jpeg - Importer: ScriptedImporter/UnityEditor.QuickSearchModule:UnityEditor.Search:ASIAI0B
Importing 'GUID: 15dd6f89c6b864607bcff312093e462d - Path: Assets/Sprites/2.jpeg - Importer: ScriptedImporter/UnityEditor.QuickSearchModule:UnityEditor.Search:ASIAI0B' with importer (ScriptedImporter : UnityEditor.QuickSearchModule:UnityEditor.Search:ASIAI0B)
Imported 'GUID: 15dd6f89c6b864607bcff312093e462d' -> (Import Result ID: '4323f1372c44dc98bc73e8ca591f1ca1') in 0.088 seconds [static and dynamic dependencies]. Details - ImportResultOutputID=db030f195a82f95c791cab3d46ebaa12 DependenciesID=e614154ce4c3ddd4d98803ebf1dd54bb StaticDependenciesID=a292602a551b308a355ba1b5dee976ef 
Number of updated asset objects reloaded before import = 0
Number of asset objects unloaded after import = 1
========================================================================
Received Import Request.
  Time of request: 2026-08-27T08:35:29.119187Z
  Time since last request: 258.153599042 seconds.
  importAddress: GUID: 9f8cabc93f43547eeaaf1ccb86f436ad - Path: Assets/Sprites/4.jpeg - Importer: PreviewImporter
Importing 'GUID: 9f8cabc93f43547eeaaf1ccb86f436ad - Path: Assets/Sprites/4.jpeg - Importer: PreviewImporter' with importer (PreviewImporter)
Imported 'GUID: 9f8cabc93f43547eeaaf1ccb86f436ad' -> (Import Result ID: '5b87ede63873f67e86f88596fa033599') in 0.007 seconds [static and dynamic dependencies]. Details - ImportResultOutputID=d13b78b319935c7e4eed433d9e34a685 DependenciesID=4badf730db0ad1b2e41df0d937b5bd3f StaticDependenciesID=7b49ebaa61464b344c86386f878e43da 
Number of updated asset objects reloaded before import = 0
Number of asset objects unloaded after import = 2
========================================================================
Received Import Request.
  Time of request: 2026-08-27T08:35:30.159595Z
  Time since last request: 1.033416166 seconds.
  importAddress: GUID: 9f8cabc93f43547eeaaf1ccb86f436ad - Path: Assets/Sprites/4.jpeg - Importer: ScriptedImporter/UnityEditor.QuickSearchModule:UnityEditor.Search:ASIAI0B
Importing 'GUID: 9f8cabc93f43547eeaaf1ccb86f436ad - Path: Assets/Sprites/4.jpeg - Importer: ScriptedImporter/UnityEditor.QuickSearchModule:UnityEditor.Search:ASIAI0B' with importer (ScriptedImporter : UnityEditor.QuickSearchModule:UnityEditor.Search:ASIAI0B)
Imported 'GUID: 9f8cabc93f43547eeaaf1ccb86f436ad' -> (Import Result ID: 'f68e65289945a8d2b9eedd6ee21e7b5c') in 0.006 seconds [static and dynamic dependencies]. Details - ImportResultOutputID=ee9eaac9668fb5ecce2d465fbd557f4e DependenciesID=9dc6386de0e3239339f6b0e44f26dcb9 StaticDependenciesID=b00df1d73e817890bcea01d368fd47e6 
Number of updated asset objects reloaded before import = 0
Number of asset objects unloaded after import = 1
========================================================================
Received Import Request.
  Time of request: 2026-08-27T08:38:29.505689Z
  Time since last request: 179.338529333 seconds.
  importAddress: GUID: 9f8cabc93f43547eeaaf1ccb86f436ad - Path: Assets/Sprites/4.jpeg - Importer: PreviewImporter
Importing 'GUID: 9f8cabc93f43547eeaaf1ccb86f436ad - Path: Assets/Sprites/4.jpeg - Importer: PreviewImporter' with importer (PreviewImporter)
Imported 'GUID: 9f8cabc93f43547eeaaf1ccb86f436ad' -> (Import Result ID: '55a9f532322fbd44a36c18e20bfd0dd6') in 0.007 seconds [static and dynamic dependencies]. Details - ImportResultOutputID=13954f8a7800fb7ef7dd42524fd7b153 DependenciesID=18bf07ff776ccef574d9f8125e1a456d StaticDependenciesID=fe6915b2b8cb8b9e61f7ff0f7e9967ec 
Number of updated asset objects reloaded before import = 0
Number of asset objects unloaded after import = 2
========================================================================
Received Import Request.
  Time of request: 2026-08-27T08:38:30.498977Z
  Time since last request: 0.986244459 seconds.
  importAddress: GUID: 9f8cabc93f43547eeaaf1ccb86f436ad - Path: Assets/Sprites/4.jpeg - Importer: ScriptedImporter/UnityEditor.QuickSearchModule:UnityEditor.Search:ASIAI0B
Importing 'GUID: 9f8cabc93f43547eeaaf1ccb86f436ad - Path: Assets/Sprites/4.jpeg - Importer: ScriptedImporter/UnityEditor.QuickSearchModule:UnityEditor.Search:ASIAI0B' with importer (ScriptedImporter : UnityEditor.QuickSearchModule:UnityEditor.Search:ASIAI0B)
Imported 'GUID: 9f8cabc93f43547eeaaf1ccb86f436ad' -> (Import Result ID: '3e67051b4f891bd89c2f8f0f39a5adb6') in 0.003 seconds [static and dynamic dependencies]. Details - ImportResultOutputID=0cf483844715e7b90c874b1935f3e291 DependenciesID=662827eb89bb1fd7c2f40365f3e69865 StaticDependenciesID=5dc08cdb58264b6da536e83b1dca004f 
Number of updated asset objects reloaded before import = 0
Number of asset objects unloaded after import = 1
========================================================================
Received Import Request.
  Time of request: 2026-08-27T08:38:48.411896Z
  Time since last request: 17.909114083 seconds.
  importAddress: GUID: 4691547cc97ed4681a87ccbf98963092 - Path: Assets/Sprites/3.jpeg - Importer: PreviewImporter
Importing 'GUID: 4691547cc97ed4681a87ccbf98963092 - Path: Assets/Sprites/3.jpeg - Importer: PreviewImporter' with importer (PreviewImporter)
Imported 'GUID: 4691547cc97ed4681a87ccbf98963092' -> (Import Result ID: '1565ce995158975b67d4467f5a94055b') in 0.006 seconds [static and dynamic dependencies]. Details - ImportResultOutputID=3b1c7172dc85426c500e2cb02b14f21d DependenciesID=dbcb199efa70e010a35368c9af908e55 StaticDependenciesID=40e8cd942e46cd80b55c99ec10150268 
Number of updated asset objects reloaded before import = 0
Number of asset objects unloaded after import = 2
========================================================================
Received Import Request.
  Time of request: 2026-08-27T08:38:49.404835Z
  Time since last request: 0.986295292 seconds.
  importAddress: GUID: 4691547cc97ed4681a87ccbf98963092 - Path: Assets/Sprites/3.jpeg - Importer: ScriptedImporter/UnityEditor.QuickSearchModule:UnityEditor.Search:ASIAI0B
Importing 'GUID: 4691547cc97ed4681a87ccbf98963092 - Path: Assets/Sprites/3.jpeg - Importer: ScriptedImporter/UnityEditor.QuickSearchModule:UnityEditor.Search:ASIAI0B' with importer (ScriptedImporter : UnityEditor.QuickSearchModule:UnityEditor.Search:ASIAI0B)
Imported 'GUID: 4691547cc97ed4681a87ccbf98963092' -> (Import Result ID: 'e574291df9d3025d97b8b5c6c3cd086a') in 0.002 seconds [static and dynamic dependencies]. Details - ImportResultOutputID=58d7c2aaa09ce4cb26d566289f4a6937 DependenciesID=20f3f9dc4ef29c76dd0053b931fb0dd8 StaticDependenciesID=b250ab9842a9837f04500107ed824b88 
Number of updated asset objects reloaded before import = 0
Number of asset objects unloaded after import = 1
========================================================================
Received Import Request.
  Time of request: 2026-08-27T08:39:01.614802Z
  Time since last request: 12.207505333 seconds.
  importAddress: GUID: c6c1d7a196c4a4ac0ba57d0b092310ad - Path: Assets/Sprites/1.jpeg - Importer: PreviewImporter
Importing 'GUID: c6c1d7a196c4a4ac0ba57d0b092310ad - Path: Assets/Sprites/1.jpeg - Importer: PreviewImporter' with importer (PreviewImporter)
Imported 'GUID: c6c1d7a196c4a4ac0ba57d0b092310ad' -> (Import Result ID: '1d4d0b52b4b14a4c8ee72d846734ebdc') in 0.006 seconds [static and dynamic dependencies]. Details - ImportResultOutputID=39a2adb6437ba5315aed9df499e282e1 DependenciesID=505d5b16fd4bc8d08fd7fb6c34be289e StaticDependenciesID=29580c76aa7a88c066ec93a014dee46e 
Number of updated asset objects reloaded before import = 0
Number of asset objects unloaded after import = 2
========================================================================
Received Import Request.
  Time of request: 2026-08-27T08:39:02.613929Z
  Time since last request: 0.992519583 seconds.
  importAddress: GUID: c6c1d7a196c4a4ac0ba57d0b092310ad - Path: Assets/Sprites/1.jpeg - Importer: ScriptedImporter/UnityEditor.QuickSearchModule:UnityEditor.Search:ASIAI0B
Importing 'GUID: c6c1d7a196c4a4ac0ba57d0b092310ad - Path: Assets/Sprites/1.jpeg - Importer: ScriptedImporter/UnityEditor.QuickSearchModule:UnityEditor.Search:ASIAI0B' with importer (ScriptedImporter : UnityEditor.QuickSearchModule:UnityEditor.Search:ASIAI0B)
Imported 'GUID: c6c1d7a196c4a4ac0ba57d0b092310ad' -> (Import Result ID: '8381eb1c952c5cafb9582e3a0b4e1716') in 0.003 seconds [static and dynamic dependencies]. Details - ImportResultOutputID=d5fd1112b72ff857dab47a4d78b9d0d7 DependenciesID=303e6d51476d2f5cec16147536651093 StaticDependenciesID=c7eeb7a8ddecff0588d89b9c346720c3 
Number of updated asset objects reloaded before import = 0
Number of asset objects unloaded after import = 1
========================================================================
Received Import Request.
  Time of request: 2026-08-27T08:39:28.622052Z
  Time since last request: 26.005145875 seconds.
  importAddress: GUID: 15dd6f89c6b864607bcff312093e462d - Path: Assets/Sprites/2.jpeg - Importer: PreviewImporter
Importing 'GUID: 15dd6f89c6b864607bcff312093e462d - Path: Assets/Sprites/2.jpeg - Importer: PreviewImporter' with importer (PreviewImporter)
Imported 'GUID: 15dd6f89c6b864607bcff312093e462d' -> (Import Result ID: '0f9722ad826504060d323114e0f94a1c') in 0.006 seconds [static and dynamic dependencies]. Details - ImportResultOutputID=cef8ef6eaa7cbc4bcb32b37217c7ee77 DependenciesID=7d85ecf98cfc491bb0e0ba313389fa75 StaticDependenciesID=5882030d55e5a05c3ba1f4d2acc32833 
Number of updated asset objects reloaded before import = 0
Number of asset objects unloaded after import = 2
========================================================================
Received Import Request.
  Time of request: 2026-08-27T08:39:29.619635Z
  Time since last request: 0.991081083 seconds.
  importAddress: GUID: 15dd6f89c6b864607bcff312093e462d - Path: Assets/Sprites/2.jpeg - Importer: ScriptedImporter/UnityEditor.QuickSearchModule:UnityEditor.Search:ASIAI0B
Importing 'GUID: 15dd6f89c6b864607bcff312093e462d - Path: Assets/Sprites/2.jpeg - Importer: ScriptedImporter/UnityEditor.QuickSearchModule:UnityEditor.Search:ASIAI0B' with importer (ScriptedImporter : UnityEditor.QuickSearchModule:UnityEditor.Search:ASIAI0B)
Imported 'GUID: 15dd6f89c6b864607bcff312093e462d' -> (Import Result ID: '3f123aed527f4cab593c306231b6a430') in 0.002 seconds [static and dynamic dependencies]. Details - ImportResultOutputID=4fb3cf0b142d72c9564e802e1fcc6c80 DependenciesID=7a94a7a20b65aa8b11f539f332ff01ff StaticDependenciesID=b77125183bd63030d2f18102189ea557 
Number of updated asset objects reloaded before import = 0
Number of asset objects unloaded after import = 1
========================================================================
Received Prepare
AcceleratorClientConnectionCallback - disconnected - :0
Begin MonoManager ReloadAssembly
[Licensing::Client] Successfully resolved entitlement details
Thread 0x173507000 may have been prematurely finalized
Native extension for OSXStandalone target not found
Native extension for WebGL target not found
[Package Manager] Failed to launch server process. Reason: Unity was launched with the -noUpm command-line argument
[Package Manager] Unable to send message (not connected to server process).
[Package Manager] Cannot connect to Unity Package Manager local server
ScheduleIndexationOnStartup MainProcess:False IndexOnStartup:True
Mono: successfully reloaded assembly
- Finished resetting the current domain, in  0.203 seconds
Domain Reload Profiling: 373ms
	BeginReloadAssembly (82ms)
		DisableScriptedObjects (3ms)
		CreateAndSetChildDomain (13ms)
	RebuildCommonClasses (4ms)
	RebuildNativeTypeToScriptingClass (8ms)
	initialDomainReloadingComplete (17ms)
	LoadAllAssembliesAndSetupDomain (59ms)
		LoadAssemblies (37ms)
		AnalyzeDomain (14ms)
			TypeCache.Refresh (4ms)
			BuildScriptInfoCaches (9ms)
	FinalizeReload (204ms)
		SetupLoadedEditorAssemblies (0ms)
			BeforeProcessingInitializeOnLoad (44ms)
			ProcessInitializeOnLoadAttributes (51ms)
			ProcessInitializeOnLoadMethodAttributes (34ms)
Unloading 0 Unused Serialized files (Serialized files now loaded: 0)
Unloading 852 unused Assets / (91.9 KB). Loaded Objects now: 1471.
Memory consumption went from 87.8 MB to 87.7 MB.
Total: 3.252083 ms (FindLiveObjects: 0.049625 ms CreateObjectMapping: 0.070833 ms MarkObjects: 3.021250 ms  DeleteObjects: 0.110041 ms)

Prepare: number of updated asset objects reloaded= 0
