[2026-08-27T05:27:36.133Z][INFO] Command-line: /Applications/Unity/Hub/Editor/6000.5.2f1/Unity.app/Contents/Helpers/PackageManager/Server/UnityPackageManager server -s 50702 --ipc-path /tmp/Unity-Upm-50702.sock -l 2 --log-file '/Users/andrew/ProyectosPersonales/Umbra/My project/Logs/upm.log'
[2026-08-27T05:27:36.141Z][INFO] IPC server started (IPC path=/tmp/Unity-Upm-50702.sock).
[2026-08-27T05:27:36.141Z][INFO] Hint: To connect to this UPM instance, launch Unity with the command-line parameter -upmIpcPath Upm-50702.
[2026-08-27T05:27:37.321Z][INFO] project:list-packages <-- Request received
params: {}
[2026-08-27T05:27:37.363Z][INFO] project:list-packages --> 200 (42 ms)
[2026-08-27T05:27:37.410Z][INFO] project:list-packages <-- Request received
params: {}
[2026-08-27T05:27:37.428Z][INFO] config:project:get-registries <-- Request received
params: {}
[2026-08-27T05:27:37.430Z][INFO] config:project:get-registries --> 200 (2 ms)
[2026-08-27T05:27:37.431Z][INFO] project:list-packages --> 200 (21 ms)
[2026-08-27T05:27:40.829Z][INFO] project:list-packages <-- Request received
params: {}
[2026-08-27T05:27:40.843Z][INFO] project:list-packages <-- Request received
params: {}
[2026-08-27T05:27:40.850Z][INFO] project:list-packages --> 200 (21 ms)
[2026-08-27T05:27:40.866Z][INFO] project:list-packages --> 200 (23 ms)
[2026-08-27T05:27:40.874Z][INFO] config:project:get-registries <-- Request received
params: {}
[2026-08-27T05:27:40.875Z][INFO] config:project:get-registries --> 200 (1 ms)
[2026-08-27T05:27:41.602Z][INFO] project:list-packages <-- Request received
params: {}
[2026-08-27T05:27:41.626Z][INFO] project:list-packages --> 200 (24 ms)
[2026-08-27T05:35:43.624Z][INFO] project:list-packages <-- Request received
params: {}
[2026-08-27T05:35:43.639Z][INFO] packages:get-all-packageinfo <-- Request received
params: {}
[2026-08-27T05:35:43.645Z][INFO] packages:get-all-packageinfo <-- Request received
params: {}
[2026-08-27T05:35:43.661Z][INFO] project:list-packages <-- Request received
params: {}
[2026-08-27T05:35:43.859Z][INFO] packages:get-all-packageinfo --> 200 (214 ms)
[2026-08-27T05:35:44.006Z][INFO] project:list-packages --> 200 (382 ms)
[2026-08-27T05:35:44.006Z][INFO] project:list-packages --> 200 (345 ms)
[2026-08-27T05:35:44.399Z][INFO] packages:get-packageinfo <-- Request received
params: {
  "packageId": "com.unity.addressables@2.9.1"
}
[2026-08-27T05:35:44.410Z][INFO] packages:get-packageinfo <-- Request received
params: {
  "packageId": "com.unity.ads.ios-support@1.0.1"
}
[2026-08-27T05:35:44.424Z][INFO] packages:get-packageinfo <-- Request received
params: {
  "packageId": "com.unity.collab-proxy@2.12.4"
}
[2026-08-27T05:35:44.458Z][INFO] packages:get-packageinfo <-- Request received
params: {
  "packageId": "com.unity.inputsystem@1.19.0"
}
[2026-08-27T05:35:44.459Z][INFO] packages:get-packageinfo <-- Request received
params: {
  "packageId": "com.unity.learn.iet-framework@5.0.4"
}
[2026-08-27T05:35:44.459Z][INFO] packages:get-packageinfo <-- Request received
params: {
  "packageId": "com.unity.learn.iet-framework.authoring@1.5.4"
}
[2026-08-27T05:35:44.469Z][INFO] packages:get-packageinfo <-- Request received
params: {
  "packageId": "com.unity.microsoft.gdk@1.6.0"
}
[2026-08-27T05:35:44.490Z][INFO] packages:get-packageinfo <-- Request received
params: {
  "packageId": "com.unity.microsoft.gdk.tools@1.6.0"
}
[2026-08-27T05:35:44.490Z][INFO] packages:get-packageinfo <-- Request received
params: {
  "packageId": "com.unity.polyspatial.extensions@3.1.5"
}
[2026-08-27T05:35:44.499Z][INFO] packages:get-packageinfo <-- Request received
params: {
  "packageId": "com.unity.polyspatial.visionos@3.1.5"
}
[2026-08-27T05:35:44.510Z][INFO] packages:get-packageinfo <-- Request received
params: {
  "packageId": "com.unity.project-auditor-rules@1.0.3"
}
[2026-08-27T05:35:44.520Z][INFO] packages:get-packageinfo <-- Request received
params: {
  "packageId": "com.unity.scriptablebuildpipeline@2.6.1"
}
[2026-08-27T05:35:44.531Z][INFO] packages:get-packageinfo <-- Request received
params: {
  "packageId": "com.unity.services.friends@1.1.1"
}
[2026-08-27T05:35:44.542Z][INFO] packages:get-packageinfo <-- Request received
params: {
  "packageId": "com.unity.services.moderation@1.0.2"
}
[2026-08-27T05:35:44.553Z][INFO] packages:get-packageinfo <-- Request received
params: {
  "packageId": "com.unity.services.multiplayer@2.2.4"
}
[2026-08-27T05:35:44.564Z][INFO] packages:get-packageinfo <-- Request received
params: {
  "packageId": "com.unity.xr.androidxr-openxr@1.3.1"
}
[2026-08-27T05:35:44.575Z][INFO] packages:get-packageinfo <-- Request received
params: {
  "packageId": "com.unity.xr.arcore@6.5.0"
}
[2026-08-27T05:35:44.586Z][INFO] packages:get-packageinfo <-- Request received
params: {
  "packageId": "com.unity.xr.arfoundation@6.5.0"
}
[2026-08-27T05:35:44.597Z][INFO] packages:get-packageinfo <-- Request received
params: {
  "packageId": "com.unity.xr.arkit@6.5.0"
}
[2026-08-27T05:35:44.607Z][INFO] packages:get-packageinfo <-- Request received
params: {
  "packageId": "com.unity.xr.compositionlayers@2.4.0"
}
[2026-08-27T05:35:44.710Z][INFO] packages:get-packageinfo --> 200 (300 ms)
[2026-08-27T05:35:44.728Z][INFO] packages:get-packageinfo <-- Request received
params: {
  "packageId": "com.unity.xr.hands@1.8.1"
}
[2026-08-27T05:35:44.736Z][INFO] packages:get-packageinfo --> 200 (337 ms)
[2026-08-27T05:35:44.749Z][INFO] packages:get-packageinfo <-- Request received
params: {
  "packageId": "com.unity.xr.interaction.toolkit@3.5.1"
}
[2026-08-27T05:35:44.985Z][INFO] packages:get-packageinfo --> 200 (454 ms)
[2026-08-27T05:35:45.000Z][INFO] packages:get-packageinfo <-- Request received
params: {
  "packageId": "com.unity.xr.management@4.5.4"
}
[2026-08-27T05:35:45.165Z][INFO] packages:get-packageinfo --> 200 (612 ms)
[2026-08-27T05:35:45.184Z][INFO] packages:get-packageinfo --> 200 (642 ms)
[2026-08-27T05:35:45.186Z][INFO] packages:get-packageinfo <-- Request received
params: {
  "packageId": "com.unity.xr.meta-openxr@2.5.1"
}
[2026-08-27T05:35:45.196Z][INFO] packages:get-packageinfo <-- Request received
params: {
  "packageId": "com.unity.xr.openxr@1.17.1"
}
[2026-08-27T05:35:45.981Z][INFO] packages:get-packageinfo --> 200 (1557 ms)
[2026-08-27T05:35:45.994Z][INFO] packages:get-packageinfo --> 200 (1535 ms)
[2026-08-27T05:35:46.000Z][INFO] packages:get-packageinfo <-- Request received
params: {
  "packageId": "com.unity.xr.visionos@3.1.5"
}
[2026-08-27T05:35:46.061Z][INFO] packages:get-packageinfo --> 200 (1571 ms)
[2026-08-27T05:35:46.070Z][INFO] packages:get-packageinfo --> 200 (1601 ms)
[2026-08-27T05:35:46.079Z][INFO] packages:get-packageinfo --> 200 (1621 ms)
[2026-08-27T05:35:46.223Z][INFO] packages:get-packageinfo --> 200 (1733 ms)
[2026-08-27T05:35:46.281Z][INFO] packages:get-packageinfo --> 200 (1822 ms)
[2026-08-27T05:35:46.292Z][INFO] packages:get-packageinfo --> 200 (1793 ms)
[2026-08-27T05:35:46.293Z][INFO] packages:get-packageinfo --> 200 (1783 ms)
[2026-08-27T05:35:46.482Z][INFO] packages:get-packageinfo --> 200 (1962 ms)
[2026-08-27T05:35:46.507Z][INFO] packages:get-packageinfo --> 200 (1943 ms)
[2026-08-27T05:35:46.642Z][INFO] packages:get-packageinfo --> 200 (1914 ms)
[2026-08-27T05:35:46.704Z][INFO] packages:get-packageinfo --> 200 (2129 ms)
[2026-08-27T05:35:46.720Z][INFO] packages:get-packageinfo --> 200 (1720 ms)
[2026-08-27T05:35:46.738Z][INFO] packages:get-packageinfo --> 200 (2131 ms)
[2026-08-27T05:35:46.741Z][INFO] packages:get-packageinfo --> 200 (1555 ms)
[2026-08-27T05:35:46.804Z][INFO] packages:get-packageinfo --> 200 (2207 ms)
[2026-08-27T05:35:46.837Z][INFO] packages:get-packageinfo --> 200 (837 ms)
[2026-08-27T05:35:46.886Z][INFO] packages:get-packageinfo --> 200 (1690 ms)
[2026-08-27T05:35:46.914Z][INFO] packages:get-packageinfo --> 200 (2328 ms)
[2026-08-27T05:35:46.920Z][INFO] packages:get-packageinfo --> 200 (2171 ms)
[2026-08-27T05:35:46.922Z][INFO] packages:get-all-packageinfo --> 200 (3283 ms)
[2026-08-27T05:38:25.722Z][INFO] project:add-remove-dependencies <-- Request received
params: {}
[2026-08-27T05:38:26.568Z][INFO] project:add-remove-dependencies --> 200 (846 ms)
[2026-08-27T05:38:26.655Z][INFO] project:add-remove-dependencies <-- Request received
params: {}
[2026-08-27T05:38:26.693Z][INFO] project:add-remove-dependencies --> 200 (38 ms)
[2026-08-27T05:38:26.797Z][INFO] project:resolve-packages <-- Request received
params: {}
[2026-08-27T05:38:26.825Z][INFO] project:resolve-packages --> 200 (28 ms)
[2026-08-27T05:38:26.921Z][INFO] config:project:get-registries <-- Request received
params: {}
[2026-08-27T05:38:26.926Z][INFO] config:project:get-registries --> 200 (5 ms)
[2026-08-27T05:38:26.935Z][INFO] project:list-packages <-- Request received
params: {}
[2026-08-27T05:38:26.960Z][INFO] project:list-packages --> 200 (25 ms)
[2026-08-27T05:38:30.938Z][INFO] project:list-packages <-- Request received
params: {}
[2026-08-27T05:38:30.954Z][INFO] project:list-packages <-- Request received
params: {}
[2026-08-27T05:38:30.963Z][INFO] project:list-packages --> 200 (25 ms)
[2026-08-27T05:38:30.974Z][INFO] project:list-packages --> 200 (20 ms)
[2026-08-27T05:38:31.039Z][INFO] config:project:get-registries <-- Request received
params: {}
[2026-08-27T05:38:31.040Z][INFO] config:project:get-registries --> 200 (1 ms)
[2026-08-27T05:38:31.689Z][INFO] project:list-packages <-- Request received
params: {}
[2026-08-27T05:38:31.711Z][INFO] project:list-packages --> 200 (22 ms)
[2026-08-27T07:07:47.360Z][INFO] project:list-packages <-- Request received
params: {}
[2026-08-27T07:07:47.394Z][INFO] project:list-packages --> 200 (34 ms)
[2026-08-27T07:07:47.460Z][INFO] config:project:get-registries <-- Request received
params: {}
[2026-08-27T07:07:47.462Z][INFO] config:project:get-registries --> 200 (2 ms)
[2026-08-27T07:10:04.876Z][INFO] project:list-packages <-- Request received
params: {}
[2026-08-27T07:10:04.903Z][INFO] project:list-packages --> 200 (27 ms)
[2026-08-27T07:10:04.976Z][INFO] config:project:get-registries <-- Request received
params: {}
[2026-08-27T07:10:04.977Z][INFO] config:project:get-registries --> 200 (2 ms)
[2026-08-27T07:16:12.596Z][INFO] project:list-packages <-- Request received
params: {}
[2026-08-27T07:16:12.620Z][INFO] project:list-packages --> 200 (24 ms)
[2026-08-27T07:16:12.698Z][INFO] config:project:get-registries <-- Request received
params: {}
[2026-08-27T07:16:12.699Z][INFO] config:project:get-registries --> 200 (1 ms)
[2026-08-27T07:17:55.594Z][INFO] project:list-packages <-- Request received
params: {}
[2026-08-27T07:17:55.623Z][INFO] project:list-packages --> 200 (29 ms)
[2026-08-27T07:17:55.696Z][INFO] config:project:get-registries <-- Request received
params: {}
[2026-08-27T07:17:55.698Z][INFO] config:project:get-registries --> 200 (2 ms)
[2026-08-27T07:18:07.310Z][INFO] project:list-packages <-- Request received
params: {}
[2026-08-27T07:18:07.334Z][INFO] project:list-packages --> 200 (24 ms)
[2026-08-27T07:18:07.411Z][INFO] config:project:get-registries <-- Request received
params: {}
[2026-08-27T07:18:07.413Z][INFO] config:project:get-registries --> 200 (2 ms)
[2026-08-27T07:18:19.750Z][INFO] project:list-packages <-- Request received
params: {}
[2026-08-27T07:18:19.770Z][INFO] project:list-packages --> 200 (20 ms)
[2026-08-27T07:18:19.850Z][INFO] config:project:get-registries <-- Request received
params: {}
[2026-08-27T07:18:19.852Z][INFO] config:project:get-registries --> 200 (2 ms)
[2026-08-27T07:20:46.176Z][INFO] project:list-packages <-- Request received
params: {}
[2026-08-27T07:20:46.197Z][INFO] project:list-packages --> 200 (21 ms)
[2026-08-27T07:20:46.276Z][INFO] config:project:get-registries <-- Request received
params: {}
[2026-08-27T07:20:46.278Z][INFO] config:project:get-registries --> 200 (2 ms)
[2026-08-27T07:33:53.330Z][INFO] project:list-packages <-- Request received
params: {}
[2026-08-27T07:33:53.351Z][INFO] project:list-packages --> 200 (21 ms)
[2026-08-27T07:33:53.419Z][INFO] config:project:get-registries <-- Request received
params: {}
[2026-08-27T07:33:53.421Z][INFO] config:project:get-registries --> 200 (2 ms)
[2026-08-27T08:01:11.714Z][INFO] project:list-packages <-- Request received
params: {}
[2026-08-27T08:01:11.735Z][INFO] project:list-packages --> 200 (21 ms)
[2026-08-27T08:01:11.804Z][INFO] config:project:get-registries <-- Request received
params: {}
[2026-08-27T08:01:11.806Z][INFO] config:project:get-registries --> 200 (2 ms)
[2026-08-27T10:40:48.219Z][INFO] project:list-packages <-- Request received
params: {}
[2026-08-27T10:40:48.251Z][INFO] project:list-packages --> 200 (32 ms)
[2026-08-27T10:40:48.318Z][INFO] config:project:get-registries <-- Request received
params: {}
[2026-08-27T10:40:48.319Z][INFO] config:project:get-registries --> 200 (1 ms)
